invalid  sim/world/route_graph.gd:732 statement deleted  (0.4s)
killed   sim/world/route_graph.gd:280 statement deleted  (2205.8s)
killed   sim/world/route_graph.gd:784 0 -> 1  (2160.5s)
invalid  sim/world/route_graph.gd:345 statement deleted  (0.4s)
killed   sim/world/route_graph.gd:867 == -> !=  (1815.2s)
killed   sim/world/route_graph.gd:1157 statement deleted  (2003.7s)
killed   sim/agents/aim_system.gd:44 != -> ==  (17.2s)
killed   sim/agents/aim_system.gd:30 statement deleted  (18.2s)
killed   sim/agents/aim_system.gd:193 statement deleted  (20.0s)
killed   sim/agents/aim_system.gd:238 0 -> 1  (18.0s)
invalid  sim/agents/aim_system.gd:15 statement deleted  (3.7s)
SURVIVED sim/agents/aim_system.gd:187 == -> !=  (17.9s)
SURVIVED sim/agents/hydration_system.gd:198 1 -> 2  (1037.3s)
killed   sim/agents/hydration_system.gd:113 statement deleted  (2017.0s)
SURVIVED sim/agents/hydration_system.gd:247 > -> >=  (1077.1s)
invalid  sim/agents/hydration_system.gd:28 statement deleted  (3.8s)
killed   sim/agents/hydration_system.gd:94 != -> ==  (1362.5s)
killed   sim/agents/hydration_system.gd:411 != -> ==  (1074.7s)
killed   sim/agents/movement_system.gd:98 statement deleted  (20.5s)
killed   sim/agents/movement_system.gd:358 != -> ==  (117.2s)
killed   sim/agents/movement_system.gd:34 0 -> 1  (116.5s)
killed   sim/agents/movement_system.gd:85 0 -> 1  (128.7s)
killed   sim/agents/movement_system.gd:154 return true -> false  (118.0s)
killed   sim/agents/movement_system.gd:209 return true -> false  (117.1s)
killed   sim/agents/perception_system.gd:374 return false -> true  (85.3s)
killed   sim/agents/perception_system.gd:377 return true -> false  (100.0s)
killed   sim/agents/perception_system.gd:610 != -> ==  (85.0s)
killed   sim/agents/perception_system.gd:356 == -> !=  (600.0s)
killed   sim/agents/perception_system.gd:631 != -> ==  (84.9s)
invalid  sim/agents/perception_system.gd:15 statement deleted  (0.4s)
killed   sim/agents/squad_system.gd:241 statement deleted  (76.2s)
killed   sim/agents/squad_system.gd:133 statement deleted  (149.1s)
SURVIVED sim/agents/squad_system.gd:239 0 -> 1  (77.1s)
invalid  sim/agents/squad_system.gd:16 statement deleted  (3.4s)
killed   sim/agents/squad_system.gd:298 != -> ==  (76.8s)
killed   sim/agents/squad_system.gd:175 statement deleted  (76.9s)
killed   sim/agents/stress_system.gd:219 statement deleted  (16.3s)
killed   sim/agents/stress_system.gd:192 statement deleted  (16.3s)
killed   sim/agents/stress_system.gd:184 statement deleted  (16.2s)
killed   sim/agents/stress_system.gd:31 statement deleted  (16.5s)
killed   sim/agents/stress_system.gd:216 statement deleted  (18.3s)
SURVIVED sim/agents/stress_system.gd:125 0 -> 1  (17.9s)
killed   sim/core/command_registry.gd:44 statement deleted  (6.5s)
killed   sim/core/command_registry.gd:22 statement deleted  (6.6s)
killed   sim/core/command_registry.gd:59 != -> ==  (6.6s)
killed   sim/core/command_registry.gd:47 statement deleted  (6.5s)
killed   sim/core/command_registry.gd:16 statement deleted  (6.9s)
killed   sim/core/command_registry.gd:24 statement deleted  (5.9s)
killed   sim/core/entity_ids.gd:37 statement deleted  (7.2s)
killed   sim/core/entity_ids.gd:26 statement deleted  (6.2s)
killed   sim/core/entity_ids.gd:36 != -> ==  (6.8s)
killed   sim/core/entity_ids.gd:43 statement deleted  (6.4s)
invalid  sim/core/entity_ids.gd:6 statement deleted  (1.7s)
killed   sim/core/entity_ids.gd:40 1 -> 2  (6.4s)
killed   sim/core/json_numbers.gd:24 statement deleted  (1.5s)
invalid  sim/core/json_numbers.gd:9 statement deleted  (1.7s)
killed   sim/core/json_numbers.gd:18 == -> !=  (1.5s)
killed   sim/core/json_numbers.gd:29 statement deleted  (2.1s)
killed   sim/core/replay_fixture.gd:9 1 -> 2  (5.3s)
SURVIVED sim/core/replay_fixture.gd:25 0 -> 1  (6.6s)
killed   sim/core/replay_fixture.gd:147 statement deleted  (5.1s)
killed   sim/core/replay_fixture.gd:82 != -> ==  (5.7s)
invalid  sim/core/replay_fixture.gd:19 statement deleted  (0.3s)
killed   sim/core/replay_fixture.gd:101 != -> ==  (5.4s)
invalid  sim/core/sim_root.gd:191 statement deleted  (0.3s)
killed   sim/core/sim_root.gd:228 0 -> 1  (40.9s)
invalid  sim/core/sim_root.gd:193 statement deleted  (0.3s)
killed   sim/core/sim_root.gd:146 statement deleted  (41.0s)
killed   sim/core/sim_root.gd:39 statement deleted  (41.1s)
killed   sim/core/sim_root.gd:34 0 -> 1  (41.0s)
killed   sim/core/state_hash.gd:149 statement deleted  (7.3s)
killed   sim/core/state_hash.gd:39 statement deleted  (7.7s)
killed   sim/core/state_hash.gd:62 statement deleted  (8.2s)
invalid  sim/core/state_hash.gd:17 statement deleted  (2.1s)
killed   sim/core/state_hash.gd:25 0 -> 1  (56.3s)
killed   sim/core/state_hash.gd:111 statement deleted  (7.4s)
killed   sim/items/item_system.gd:634 == -> !=  (47.4s)
killed   sim/items/item_system.gd:549 return false -> true  (49.5s)
SURVIVED sim/items/item_system.gd:621 statement deleted  (52.1s)
invalid  sim/items/item_system.gd:34 statement deleted  (3.3s)
SURVIVED sim/items/item_system.gd:870 10 -> 11  (49.3s)
invalid  sim/items/item_system.gd:49 statement deleted  (3.4s)
killed   sim/land/land_system.gd:134 statement deleted  (56.7s)
killed   sim/land/land_system.gd:623 2 -> 3  (3.9s)
killed   sim/land/land_system.gd:128 return false -> true  (55.6s)
killed   sim/land/land_system.gd:319 statement deleted  (63.2s)
killed   sim/land/land_system.gd:223 statement deleted  (63.0s)
invalid  sim/land/land_system.gd:27 statement deleted  (3.7s)
killed   sim/nav/portal_graph.gd:100 == -> !=  (64.2s)
killed   sim/nav/portal_graph.gd:79 statement deleted  (37.6s)
killed   sim/nav/portal_graph.gd:204 statement deleted  (31.9s)
killed   sim/nav/portal_graph.gd:194 1 -> 2  (50.0s)
SURVIVED sim/nav/portal_graph.gd:162 < -> <=  (65.3s)
killed   sim/nav/portal_graph.gd:281 == -> !=  (31.8s)
killed   sim/progression/stat_resolver.gd:592 != -> ==  (37.9s)
killed   sim/progression/stat_resolver.gd:448 != -> ==  (43.7s)
SURVIVED sim/progression/stat_resolver.gd:640 < -> <=  (23.7s)
killed   sim/progression/stat_resolver.gd:570 statement deleted  (23.8s)
killed   sim/progression/stat_resolver.gd:605 0 -> 1  (23.8s)
killed   sim/progression/stat_resolver.gd:533 statement deleted  (65.4s)
killed   sim/quests/run_score_system.gd:78 != -> ==  (21.3s)
killed   sim/quests/run_score_system.gd:252 return false -> true  (21.4s)
killed   sim/quests/run_score_system.gd:75 != -> ==  (21.2s)
killed   sim/quests/run_score_system.gd:84 != -> ==  (21.2s)
killed   sim/quests/run_score_system.gd:68 statement deleted  (21.6s)
killed   sim/quests/run_score_system.gd:148 return true -> false  (21.0s)
killed   sim/quests/site_constraint.gd:51 return false -> true  (180.6s)
killed   sim/quests/site_constraint.gd:48 return false -> true  (183.5s)
killed   sim/quests/site_constraint.gd:90 statement deleted  (181.7s)
killed   sim/quests/site_constraint.gd:62 return false -> true  (184.0s)
invalid  sim/quests/site_constraint.gd:20 statement deleted  (6.2s)
killed   sim/quests/site_constraint.gd:94 statement deleted  (175.2s)
killed   sim/threat/standing_system.gd:323 statement deleted  (13.6s)
killed   sim/threat/standing_system.gd:106 == -> !=  (3.3s)
killed   sim/threat/standing_system.gd:129 statement deleted  (13.6s)
killed   sim/threat/standing_system.gd:53 statement deleted  (3.1s)
killed   sim/threat/standing_system.gd:188 <= -> <  (13.8s)
SURVIVED sim/threat/standing_system.gd:224 statement deleted  (13.8s)
killed   sim/world/discovery.gd:44 0 -> 1  (6.7s)
invalid  sim/world/discovery.gd:13 statement deleted  (0.5s)
killed   sim/world/discovery.gd:34 1 -> 2  (6.7s)
killed   sim/world/discovery.gd:72 statement deleted  (6.7s)
killed   sim/world/discovery.gd:93 != -> ==  (6.6s)
invalid  sim/world/discovery.gd:11 statement deleted  (2.1s)
killed   sim/world/regions.gd:183 2 -> 3  (194.2s)
killed   sim/world/regions.gd:99 statement deleted  (192.7s)
SURVIVED sim/world/regions.gd:474 statement deleted  (193.5s)
killed   sim/world/regions.gd:160 == -> !=  (3.3s)
killed   sim/world/regions.gd:446 != -> ==  (173.3s)
SURVIVED sim/world/regions.gd:208 1 -> 2  (183.7s)
killed   sim/world/site_system.gd:351 statement deleted  (111.9s)
killed   sim/world/site_system.gd:245 != -> ==  (107.7s)
killed   sim/world/site_system.gd:86 statement deleted  (115.8s)
killed   sim/world/site_system.gd:298 == -> !=  (117.2s)
killed   sim/world/site_system.gd:232 != -> ==  (130.1s)
killed   sim/world/site_system.gd:281 statement deleted  (110.7s)
invalid  sim/world/terrain.gd:376 statement deleted  (0.3s)
killed   sim/world/terrain.gd:328 1000 -> 1001  (342.9s)
invalid  sim/world/terrain.gd:41 statement deleted  (2.9s)
killed   sim/world/terrain.gd:373 statement deleted  (341.8s)
invalid  sim/world/terrain.gd:375 statement deleted  (0.3s)
killed   sim/world/terrain.gd:245 != -> ==  (300.6s)

121 mutants, 108 killed, score 89.3%  (21 did not compile and are not counted)

survived:
  sim/agents/aim_system.gd:187  == -> !=
      if handle == 0 or value != current:
  sim/agents/hydration_system.gd:198  1 -> 2
      file = clampi(n, 1, MAX_MEMBERS)
  sim/agents/hydration_system.gd:247  > -> >=
      if _tokens.speed_of(token) > pace:
  sim/agents/squad_system.gd:239  0 -> 1
      if outside == Vector3i(0, -1, 0):
  sim/agents/stress_system.gd:125  0 -> 1
      return 0
  sim/core/replay_fixture.gd:25  0 -> 1
      var ticks: int = 0
  sim/items/item_system.gd:621  statement deleted
      list.erase(round)
  sim/items/item_system.gd:870  10 -> 11
      var round: int = spawn(KIND_AMMO, ammo_template, inv, seed + 10 + i)
  sim/nav/portal_graph.gd:162  < -> <=
      return px < py
  sim/progression/stat_resolver.gd:640  < -> <=
      return oa < ob
  sim/threat/standing_system.gd:224  statement deleted
      continue
  sim/world/regions.gd:474  statement deleted
      _edit_log.clear()
  sim/world/regions.gd:208  1 -> 2
      var corners: Array[Vector3i] = [origin + Vector3i(size.x - 1, 0, 0), origin + Vector3i(0, 0, size.z - 1), origin + Vector3i(size.x - 1, 0, size.z - 1)]
exit 0
