killed   sim/agents/actor_system.gd:289 return true -> false  (5.7s)
killed   sim/agents/actor_system.gd:442 != -> ==  (5.6s)
SURVIVED sim/agents/actor_system.gd:227 1 -> 2  (5.6s)
SURVIVED sim/agents/actor_system.gd:334 statement deleted  (5.6s)
invalid  sim/agents/actor_system.gd:10 statement deleted  (1.8s)
killed   sim/agents/actor_system.gd:392 return false -> true  (5.7s)
killed   sim/agents/aim_system.gd:165 == -> !=  (10.7s)
killed   sim/agents/aim_system.gd:118 0 -> 1  (11.1s)
killed   sim/agents/aim_system.gd:173 0 -> 1  (10.4s)
killed   sim/agents/aim_system.gd:182 statement deleted  (10.3s)
killed   sim/agents/aim_system.gd:191 statement deleted  (10.4s)
killed   sim/agents/aim_system.gd:150 0 -> 1  (10.4s)
invalid  sim/agents/corpse_system.gd:18 statement deleted  (2.2s)
SURVIVED sim/agents/corpse_system.gd:303 0 -> 1  (26.8s)
SURVIVED sim/agents/corpse_system.gd:243 return false -> true  (26.9s)
killed   sim/agents/corpse_system.gd:119 == -> !=  (26.6s)
invalid  sim/agents/corpse_system.gd:20 statement deleted  (0.4s)
SURVIVED sim/agents/corpse_system.gd:307 0 -> 1  (26.7s)
killed   sim/agents/hydration_system.gd:342 1 -> 2  (1105.6s)
killed   sim/agents/hydration_system.gd:439 statement deleted  (596.4s)
SURVIVED sim/agents/hydration_system.gd:282 statement deleted  (591.3s)
SURVIVED sim/agents/hydration_system.gd:234 < -> <=  (563.2s)
killed   sim/agents/hydration_system.gd:284 return true -> false  (733.5s)
killed   sim/agents/hydration_system.gd:215 statement deleted  (592.0s)
SURVIVED sim/agents/macro_token_system.gd:226 statement deleted  (24.2s)
killed   sim/agents/macro_token_system.gd:111 != -> ==  (24.1s)
killed   sim/agents/macro_token_system.gd:385 1 -> 2  (24.3s)
invalid  sim/agents/macro_token_system.gd:28 statement deleted  (0.6s)
SURVIVED sim/agents/macro_token_system.gd:412 < -> <=  (24.7s)
invalid  sim/agents/macro_token_system.gd:88 statement deleted  (0.6s)
invalid  sim/agents/movement_system.gd:368 statement deleted  (0.6s)
SURVIVED sim/agents/movement_system.gd:254 statement deleted  (72.8s)
killed   sim/agents/movement_system.gd:369 != -> ==  (72.5s)
killed   sim/agents/movement_system.gd:336 != -> ==  (72.3s)
SURVIVED sim/agents/movement_system.gd:94 <= -> <  (75.2s)
SURVIVED sim/agents/movement_system.gd:376 statement deleted  (72.8s)
SURVIVED sim/agents/pathing_system.gd:265 statement deleted  (114.2s)
killed   sim/agents/pathing_system.gd:376 statement deleted  (116.4s)
SURVIVED sim/agents/pathing_system.gd:53 != -> ==  (117.8s)
SURVIVED sim/agents/pathing_system.gd:282 == -> !=  (117.4s)
SURVIVED sim/agents/pathing_system.gd:236 statement deleted  (125.2s)
killed   sim/agents/pathing_system.gd:388 statement deleted  (600.1s)
invalid  sim/agents/perception_system.gd:583 statement deleted  (0.6s)
killed   sim/agents/perception_system.gd:424 0 -> 1  (53.8s)
killed   sim/agents/perception_system.gd:289 >= -> >  (53.5s)
killed   sim/agents/perception_system.gd:258 return false -> true  (52.6s)
killed   sim/agents/perception_system.gd:359 statement deleted  (57.6s)
killed   sim/agents/perception_system.gd:283 0 -> 1  (54.4s)
SURVIVED sim/agents/raid_token_system.gd:260 < -> <=  (5.5s)
killed   sim/agents/raid_token_system.gd:32 statement deleted  (5.4s)
killed   sim/agents/raid_token_system.gd:13 10 -> 11  (5.5s)
SURVIVED sim/agents/raid_token_system.gd:192 statement deleted  (5.4s)
SURVIVED sim/agents/raid_token_system.gd:184 statement deleted  (5.2s)
SURVIVED sim/agents/raid_token_system.gd:165 statement deleted  (5.4s)
killed   sim/agents/squad_system.gd:132 == -> !=  (89.6s)
killed   sim/agents/squad_system.gd:54 statement deleted  (90.2s)
SURVIVED sim/agents/squad_system.gd:226 statement deleted  (47.4s)
killed   sim/agents/squad_system.gd:28 0 -> 1  (47.5s)
killed   sim/agents/squad_system.gd:36 statement deleted  (90.1s)
SURVIVED sim/agents/squad_system.gd:103 0 -> 1  (47.3s)
killed   sim/agents/stance_system.gd:243 statement deleted  (6.8s)
SURVIVED sim/agents/stance_system.gd:552 0 -> 1  (6.7s)
SURVIVED sim/agents/stance_system.gd:301 0 -> 1  (6.8s)
SURVIVED sim/agents/stance_system.gd:541 8 -> 9  (6.7s)
killed   sim/agents/stance_system.gd:272 statement deleted  (6.5s)
killed   sim/agents/stance_system.gd:67 statement deleted  (6.9s)
killed   sim/agents/stress_system.gd:27 statement deleted  (10.8s)
SURVIVED sim/agents/stress_system.gd:150 0 -> 1  (10.4s)
SURVIVED sim/agents/stress_system.gd:232 statement deleted  (10.1s)
SURVIVED sim/agents/stress_system.gd:216 statement deleted  (10.4s)
killed   sim/agents/stress_system.gd:99 0 -> 1  (10.4s)
SURVIVED sim/agents/stress_system.gd:107 return false -> true  (10.4s)
SURVIVED sim/assembly.gd:235 statement deleted  (4.9s)
killed   sim/assembly.gd:82 != -> ==  (2.1s)
SURVIVED sim/assembly.gd:271 == -> !=  (5.0s)
killed   sim/assembly.gd:51 != -> ==  (2.0s)
SURVIVED sim/assembly.gd:134 != -> ==  (4.8s)
SURVIVED sim/assembly.gd:188 statement deleted  (4.8s)
killed   sim/core/command_registry.gd:16 statement deleted  (4.4s)
SURVIVED sim/core/command_registry.gd:26 statement deleted  (4.5s)
killed   sim/core/command_registry.gd:60 statement deleted  (4.6s)
killed   sim/core/command_registry.gd:19 statement deleted  (4.6s)
killed   sim/core/command_registry.gd:47 statement deleted  (4.4s)
killed   sim/core/command_registry.gd:22 statement deleted  (4.5s)
killed   sim/core/content_db.gd:66 != -> ==  (1.8s)
killed   sim/core/content_db.gd:39 statement deleted  (4.5s)
killed   sim/core/content_db.gd:51 statement deleted  (1.5s)
killed   sim/core/content_db.gd:92 statement deleted  (1.8s)
killed   sim/core/content_db.gd:75 statement deleted  (4.5s)
SURVIVED sim/core/content_db.gd:67 return false -> true  (4.5s)
killed   sim/core/entity_ids.gd:9 1 -> 2  (4.3s)
killed   sim/core/entity_ids.gd:37 statement deleted  (4.5s)
killed   sim/core/entity_ids.gd:26 1 -> 2  (4.3s)
invalid  sim/core/entity_ids.gd:7 statement deleted  (0.5s)
killed   sim/core/entity_ids.gd:26 statement deleted  (4.0s)
killed   sim/core/entity_ids.gd:40 < -> <=  (4.6s)
killed   sim/core/event_bus.gd:33 1 -> 2  (4.4s)
killed   sim/core/event_bus.gd:26 statement deleted  (4.4s)
killed   sim/core/event_bus.gd:36 0 -> 1  (4.5s)
killed   sim/core/event_bus.gd:18 statement deleted  (4.4s)
killed   sim/core/event_bus.gd:33 statement deleted  (4.3s)
killed   sim/core/event_bus.gd:38 statement deleted  (4.5s)
killed   sim/core/json_numbers.gd:18 == -> !=  (1.5s)
invalid  sim/core/json_numbers.gd:9 statement deleted  (1.6s)
killed   sim/core/json_numbers.gd:24 statement deleted  (1.6s)
killed   sim/core/json_numbers.gd:29 statement deleted  (1.9s)
killed   sim/core/replay.gd:16 statement deleted  (5.2s)
killed   sim/core/replay.gd:19 statement deleted  (5.2s)
killed   sim/core/replay.gd:15 != -> ==  (4.8s)
SURVIVED sim/core/replay.gd:24 statement deleted  (5.2s)
killed   sim/core/replay.gd:18 != -> ==  (4.7s)
killed   sim/core/replay.gd:15 0 -> 1  (4.7s)
invalid  sim/core/replay_fixture.gd:13 statement deleted  (2.1s)
killed   sim/core/replay_fixture.gd:48 != -> ==  (3.2s)
SURVIVED sim/core/replay_fixture.gd:69 > -> >=  (4.7s)
killed   sim/core/replay_fixture.gd:62 statement deleted  (3.6s)
killed   sim/core/replay_fixture.gd:173 return true -> false  (3.7s)
SURVIVED sim/core/replay_fixture.gd:139 0 -> 1  (4.7s)
SURVIVED sim/core/save_file.gd:63 > -> >=  (1273.0s)
killed   sim/core/save_file.gd:139 statement deleted  (545.3s)
invalid  sim/core/save_file.gd:48 statement deleted  (0.6s)
killed   sim/core/save_file.gd:194 statement deleted  (896.7s)
killed   sim/core/save_file.gd:243 statement deleted  (372.9s)

signal 15: restored the file being mutated
