killed   sim/core/save_file.gd:87 != -> ==  (633.5s)
killed   sim/core/save_file.gd:146 == -> !=  (299.8s)
SURVIVED sim/core/save_file.gd:127 1 -> 2  (2096.0s)
SURVIVED sim/core/save_file.gd:22 64 -> 65  (1963.3s)
killed   sim/core/save_file.gd:194 statement deleted  (1457.2s)
killed   sim/core/save_file.gd:243 statement deleted  (592.4s)
killed   sim/core/sim_command.gd:18 statement deleted  (8.8s)
killed   sim/core/sim_command.gd:19 statement deleted  (9.0s)
killed   sim/core/sim_command.gd:17 statement deleted  (8.7s)
invalid  sim/core/sim_root.gd:191 statement deleted  (0.3s)
SURVIVED sim/core/sim_root.gd:228 0 -> 1  (42.7s)
invalid  sim/core/sim_root.gd:193 statement deleted  (0.3s)
killed   sim/core/sim_root.gd:146 statement deleted  (41.6s)
killed   sim/core/sim_root.gd:39 statement deleted  (41.9s)
killed   sim/core/sim_root.gd:34 0 -> 1  (42.1s)
killed   sim/core/state_hash.gd:149 statement deleted  (6.6s)
killed   sim/core/state_hash.gd:39 statement deleted  (6.5s)
killed   sim/core/state_hash.gd:62 statement deleted  (6.9s)
invalid  sim/core/state_hash.gd:17 statement deleted  (2.1s)
killed   sim/core/state_hash.gd:25 0 -> 1  (55.1s)
killed   sim/core/state_hash.gd:111 statement deleted  (6.9s)
killed   sim/items/combat_system.gd:180 return false -> true  (35.3s)
SURVIVED sim/items/combat_system.gd:316 statement deleted  (35.3s)
killed   sim/items/combat_system.gd:211 1 -> 2  (37.2s)
killed   sim/items/combat_system.gd:253 0 -> 1  (35.1s)
SURVIVED sim/items/combat_system.gd:160 0 -> 1  (35.3s)
SURVIVED sim/items/combat_system.gd:312 statement deleted  (35.0s)
killed   sim/items/item_system.gd:634 == -> !=  (46.2s)
killed   sim/items/item_system.gd:549 return false -> true  (46.4s)
SURVIVED sim/items/item_system.gd:621 statement deleted  (46.2s)
invalid  sim/items/item_system.gd:34 statement deleted  (2.9s)
SURVIVED sim/items/item_system.gd:870 10 -> 11  (46.3s)
invalid  sim/items/item_system.gd:49 statement deleted  (2.9s)
killed   sim/land/build_system.gd:66 statement deleted  (7.9s)
killed   sim/land/build_system.gd:292 < -> <=  (8.1s)
killed   sim/land/build_system.gd:470 != -> ==  (9.4s)
killed   sim/land/build_system.gd:502 statement deleted  (9.6s)
invalid  sim/land/build_system.gd:22 statement deleted  (2.6s)
killed   sim/land/build_system.gd:170 1 -> 2  (10.0s)
SURVIVED sim/land/land_system.gd:134 statement deleted  (24.3s)
killed   sim/land/land_system.gd:623 2 -> 3  (3.4s)
killed   sim/land/land_system.gd:128 return false -> true  (24.4s)
killed   sim/land/land_system.gd:319 statement deleted  (24.4s)
killed   sim/land/land_system.gd:223 statement deleted  (24.3s)
invalid  sim/land/land_system.gd:27 statement deleted  (3.4s)
SURVIVED sim/land/structure_system.gd:237 1 -> 2  (8.3s)
SURVIVED sim/land/structure_system.gd:192 0 -> 1  (8.4s)
killed   sim/land/structure_system.gd:414 != -> ==  (8.3s)
killed   sim/land/structure_system.gd:439 != -> ==  (8.4s)
invalid  sim/land/structure_system.gd:364 statement deleted  (0.4s)
SURVIVED sim/land/structure_system.gd:410 1 -> 2  (8.5s)
SURVIVED sim/nav/portal_graph.gd:100 == -> !=  (60.7s)
killed   sim/nav/portal_graph.gd:79 statement deleted  (37.2s)
killed   sim/nav/portal_graph.gd:204 statement deleted  (31.3s)
killed   sim/nav/portal_graph.gd:194 1 -> 2  (48.9s)
SURVIVED sim/nav/portal_graph.gd:162 < -> <=  (64.5s)
killed   sim/nav/portal_graph.gd:281 == -> !=  (31.2s)
killed   sim/progression/progression_system.gd:396 statement deleted  (9.6s)
killed   sim/progression/progression_system.gd:167 statement deleted  (9.9s)
killed   sim/progression/progression_system.gd:298 statement deleted  (9.9s)
killed   sim/progression/progression_system.gd:372 != -> ==  (9.6s)
killed   sim/progression/progression_system.gd:59 != -> ==  (9.7s)
killed   sim/progression/progression_system.gd:303 statement deleted  (9.7s)
killed   sim/progression/stat_resolver.gd:592 != -> ==  (38.2s)
killed   sim/progression/stat_resolver.gd:448 != -> ==  (44.8s)
SURVIVED sim/progression/stat_resolver.gd:640 < -> <=  (25.1s)
killed   sim/progression/stat_resolver.gd:570 statement deleted  (23.7s)
killed   sim/progression/stat_resolver.gd:605 0 -> 1  (23.9s)
killed   sim/progression/stat_resolver.gd:533 statement deleted  (65.1s)
killed   sim/quests/quest_system.gd:77 statement deleted  (9.3s)
killed   sim/quests/quest_system.gd:352 1 -> 2  (26.4s)
killed   sim/quests/quest_system.gd:359 1 -> 2  (26.6s)
killed   sim/quests/quest_system.gd:83 statement deleted  (26.8s)
killed   sim/quests/quest_system.gd:359 statement deleted  (26.9s)
killed   sim/quests/quest_system.gd:240 return true -> false  (26.7s)
killed   sim/quests/run_score_system.gd:78 != -> ==  (21.3s)
killed   sim/quests/run_score_system.gd:252 return false -> true  (21.1s)
killed   sim/quests/run_score_system.gd:75 != -> ==  (21.1s)
killed   sim/quests/run_score_system.gd:84 != -> ==  (21.2s)
killed   sim/quests/run_score_system.gd:68 statement deleted  (21.5s)
killed   sim/quests/run_score_system.gd:148 return true -> false  (21.3s)
SURVIVED sim/quests/site_binder.gd:71 statement deleted  (106.8s)
killed   sim/quests/site_binder.gd:185 statement deleted  (110.1s)
killed   sim/quests/site_binder.gd:75 statement deleted  (106.8s)
killed   sim/quests/site_binder.gd:180 statement deleted  (108.6s)
killed   sim/quests/site_binder.gd:129 statement deleted  (111.5s)
killed   sim/quests/site_binder.gd:34 statement deleted  (105.7s)
killed   sim/quests/site_constraint.gd:51 return false -> true  (180.4s)
SURVIVED sim/quests/site_constraint.gd:48 return false -> true  (182.1s)
killed   sim/quests/site_constraint.gd:90 statement deleted  (180.6s)
killed   sim/quests/site_constraint.gd:62 return false -> true  (182.6s)
invalid  sim/quests/site_constraint.gd:20 statement deleted  (7.1s)
killed   sim/quests/site_constraint.gd:94 statement deleted  (178.7s)
killed   sim/quests/terminal_system.gd:283 statement deleted  (71.6s)
killed   sim/quests/terminal_system.gd:59 != -> ==  (71.9s)
killed   sim/quests/terminal_system.gd:354 statement deleted  (71.9s)
killed   sim/quests/terminal_system.gd:168 != -> ==  (71.6s)
SURVIVED sim/quests/terminal_system.gd:203 statement deleted  (71.6s)
SURVIVED sim/quests/terminal_system.gd:194 return false -> true  (71.7s)
killed   sim/threat/standing_system.gd:323 statement deleted  (14.7s)
killed   sim/threat/standing_system.gd:106 == -> !=  (3.2s)
SURVIVED sim/threat/standing_system.gd:129 statement deleted  (14.6s)
killed   sim/threat/standing_system.gd:53 statement deleted  (3.2s)
SURVIVED sim/threat/standing_system.gd:188 <= -> <  (14.6s)
SURVIVED sim/threat/standing_system.gd:224 statement deleted  (14.7s)
killed   sim/world/authored_region.gd:15 statement deleted  (221.5s)
killed   sim/world/authored_region.gd:14 statement deleted  (412.7s)
killed   sim/world/authored_region.gd:32 <= -> <  (223.9s)
killed   sim/world/authored_region.gd:27 < -> <=  (220.1s)
SURVIVED sim/world/authored_region.gd:19 >= -> >  (237.4s)
killed   sim/world/authored_region.gd:13 statement deleted  (231.1s)
SURVIVED sim/world/discovery.gd:44 0 -> 1  (7.7s)
invalid  sim/world/discovery.gd:13 statement deleted  (0.4s)
killed   sim/world/discovery.gd:34 1 -> 2  (8.0s)
killed   sim/world/discovery.gd:72 statement deleted  (7.5s)
killed   sim/world/discovery.gd:93 != -> ==  (7.1s)
invalid  sim/world/discovery.gd:11 statement deleted  (2.0s)
SURVIVED sim/world/region.gd:52 1 -> 2  (235.6s)
SURVIVED sim/world/region.gd:52 statement deleted  (245.2s)
SURVIVED sim/world/region.gd:24 return false -> true  (244.8s)
SURVIVED sim/world/region.gd:53 statement deleted  (241.7s)
SURVIVED sim/world/region.gd:59 return false -> true  (241.3s)
SURVIVED sim/world/region.gd:48 0 -> 1  (241.0s)
SURVIVED sim/world/regions.gd:183 2 -> 3  (220.5s)
SURVIVED sim/world/regions.gd:99 statement deleted  (221.2s)
SURVIVED sim/world/regions.gd:474 statement deleted  (224.9s)
killed   sim/world/regions.gd:160 == -> !=  (3.8s)
killed   sim/world/regions.gd:446 != -> ==  (218.8s)
SURVIVED sim/world/regions.gd:208 1 -> 2  (225.2s)
invalid  sim/world/route_graph.gd:732 statement deleted  (0.4s)
killed   sim/world/route_graph.gd:280 statement deleted  (1805.0s)
killed   sim/world/route_graph.gd:784 0 -> 1  (1813.7s)
invalid  sim/world/route_graph.gd:345 statement deleted  (0.3s)
killed   sim/world/route_graph.gd:867 == -> !=  (1491.7s)
SURVIVED sim/world/route_graph.gd:1157 statement deleted  (1824.4s)
SURVIVED sim/world/settlement_kits.gd:119 >= -> >  (134.8s)
invalid  sim/world/settlement_kits.gd:74 statement deleted  (0.3s)
killed   sim/world/settlement_kits.gd:174 0 -> 1  (132.0s)
killed   sim/world/settlement_kits.gd:62 statement deleted  (102.4s)
invalid  sim/world/settlement_kits.gd:114 statement deleted  (0.3s)
invalid  sim/world/settlement_kits.gd:72 statement deleted  (0.3s)
killed   sim/world/site_system.gd:351 statement deleted  (82.6s)
SURVIVED sim/world/site_system.gd:245 != -> ==  (83.8s)
SURVIVED sim/world/site_system.gd:86 statement deleted  (83.1s)
killed   sim/world/site_system.gd:298 == -> !=  (71.9s)
killed   sim/world/site_system.gd:232 != -> ==  (82.5s)
killed   sim/world/site_system.gd:281 statement deleted  (66.8s)
killed   sim/world/site_tags.gd:46 == -> !=  (6.6s)
killed   sim/world/site_tags.gd:48 return false -> true  (6.5s)
killed   sim/world/site_tags.gd:38 return false -> true  (6.4s)
invalid  sim/world/site_tags.gd:19 statement deleted  (0.3s)
killed   sim/world/site_tags.gd:47 return true -> false  (6.5s)
killed   sim/world/site_tags.gd:61 statement deleted  (6.4s)
invalid  sim/world/terrain.gd:376 statement deleted  (0.3s)
killed   sim/world/terrain.gd:328 1000 -> 1001  (324.3s)
invalid  sim/world/terrain.gd:41 statement deleted  (2.9s)
SURVIVED sim/world/terrain.gd:373 statement deleted  (328.2s)
invalid  sim/world/terrain.gd:375 statement deleted  (0.3s)
killed   sim/world/terrain.gd:245 != -> ==  (331.3s)
killed   sim/world/wild_region.gd:139 == -> !=  (271.2s)
killed   sim/world/wild_region.gd:140 statement deleted  (268.2s)
killed   sim/world/wild_region.gd:214 >= -> >  (271.4s)
SURVIVED sim/world/wild_region.gd:30 4096 -> 4097  (270.7s)
killed   sim/world/wild_region.gd:181 != -> ==  (270.6s)
SURVIVED sim/world/wild_region.gd:228 1 -> 2  (270.2s)

145 mutants, 104 killed, score 71.7%  (20 did not compile and are not counted)

survived:
  sim/core/save_file.gd:127  1 -> 2
      var e: Variant = _encode(element, depth + 1)
  sim/core/save_file.gd:22  64 -> 65
      const MAX_DEPTH: int = 64
  sim/core/sim_root.gd:228  0 -> 1
      if tick < 0 or dispatched < 0 or rejected < 0 or paused_steps < 0:
  sim/items/combat_system.gd:316  statement deleted
      _last["node"] = StringName(node_s)
  sim/items/combat_system.gd:160  0 -> 1
      return 0
  sim/items/combat_system.gd:312  statement deleted
      _last = last.duplicate(true)
  sim/items/item_system.gd:621  statement deleted
      list.erase(round)
  sim/items/item_system.gd:870  10 -> 11
      var round: int = spawn(KIND_AMMO, ammo_template, inv, seed + 10 + i)
  sim/land/land_system.gd:134  statement deleted
      sim.set_paused(true)
  sim/land/structure_system.gd:237  1 -> 2
      for corner: Vector2i in [Vector2i(rect[0], rect[1]), Vector2i(rect[2] - 1, rect[1]), Vector2i(rect[0], rect[3] - 1), Vector2i(rect[2] - 1, rect[3] - 1)]:
  sim/land/structure_system.gd:192  0 -> 1
      return [0, 0, 0, 0]
  sim/land/structure_system.gd:410  1 -> 2
      if typeof(sk) != TYPE_INT or sk < 1 or typeof(structures_in[sk]) != TYPE_DICTIONARY:
  sim/nav/portal_graph.gd:100  == -> !=
      if _regions == null:
  sim/nav/portal_graph.gd:162  < -> <=
      return px < py
  sim/progression/stat_resolver.gd:640  < -> <=
      return oa < ob
  sim/quests/site_binder.gd:71  statement deleted
      found = _found.call()
  sim/quests/site_constraint.gd:48  return false -> true
      return false
  sim/quests/terminal_system.gd:203  statement deleted
      push_error("TerminalSystem: no terminal/%s" % template)
  sim/quests/terminal_system.gd:194  return false -> true
      return false
  sim/threat/standing_system.gd:129  statement deleted
      push_error("StandingSystem: content rejected: %s" % reason)
  sim/threat/standing_system.gd:188  <= -> <
      if period <= 0 or now % period != 0:
  sim/threat/standing_system.gd:224  statement deleted
      continue
  sim/world/authored_region.gd:19  >= -> >
      return x >= _bounds[0] and z >= _bounds[1] and x < _bounds[2] and z < _bounds[3]
  sim/world/discovery.gd:44  0 -> 1
      if now % LOOK_EVERY != 0:
  sim/world/region.gd:52  1 -> 2
      out[i] = 1 if is_solid(origin + Vector3i(x, y, z)) else 0
  sim/world/region.gd:52  statement deleted
      out[i] = 1 if is_solid(origin + Vector3i(x, y, z)) else 0
  sim/world/region.gd:24  return false -> true
      return false
  sim/world/region.gd:53  statement deleted
      i += 1
  sim/world/region.gd:59  return false -> true
      return false
  sim/world/region.gd:48  0 -> 1
      var i: int = 0
  sim/world/regions.gd:183  2 -> 3
      return region_at(cell.x * c + c / 2, cell.z * c + c / 2)
  sim/world/regions.gd:99  statement deleted
      push_error("Regions: no content")
  sim/world/regions.gd:474  statement deleted
      _edit_log.clear()
  sim/world/regions.gd:208  1 -> 2
      var corners: Array[Vector3i] = [origin + Vector3i(size.x - 1, 0, 0), origin + Vector3i(0, 0, size.z - 1), origin + Vector3i(size.x - 1, 0, size.z - 1)]
  sim/world/route_graph.gd:1157  statement deleted
      out.sort()
  sim/world/settlement_kits.gd:119  >= -> >
      if a >= nodes.size() or b >= nodes.size():
  sim/world/site_system.gd:245  != -> ==
      if id != EntityIds.NONE:
  sim/world/site_system.gd:86  statement deleted
      seen[key] = true
  sim/world/terrain.gd:373  statement deleted
      generate(world)
  sim/world/wild_region.gd:30  4096 -> 4097
      const CACHE_CHUNKS: int = 4096
  sim/world/wild_region.gd:228  1 -> 2
      return -1
exit 0
