killed   sim/agents/actor_system.gd:436 != -> ==  (89.0s)
SURVIVED sim/agents/actor_system.gd:429 1 -> 2  (87.6s)
killed   sim/agents/actor_system.gd:290 0 -> 1  (87.3s)
SURVIVED sim/agents/actor_system.gd:105 statement deleted  (87.3s)
SURVIVED sim/agents/actor_system.gd:239 1 -> 2  (87.4s)
killed   sim/agents/actor_system.gd:324 statement deleted  (87.5s)
killed   sim/agents/movement_system.gd:437 != -> ==  (118.9s)
killed   sim/agents/movement_system.gd:385 != -> ==  (115.4s)
killed   sim/agents/movement_system.gd:329 0 -> 1  (118.5s)
killed   sim/agents/movement_system.gd:406 return false -> true  (119.2s)
killed   sim/agents/movement_system.gd:90 1 -> 2  (118.4s)
killed   sim/agents/movement_system.gd:424 != -> ==  (116.0s)
killed   sim/world/site_system.gd:412 > -> >=  (345.1s)
killed   sim/world/site_system.gd:339 != -> ==  (341.0s)
killed   sim/world/site_system.gd:47 statement deleted  (343.6s)
invalid  sim/world/site_system.gd:377 statement deleted  (0.5s)
killed   sim/world/site_system.gd:116 statement deleted  (298.6s)
SURVIVED sim/world/site_system.gd:271 1000 -> 1001  (344.2s)

17 mutants, 13 killed, score 76.5%  (1 did not compile and are not counted)

survived:
  sim/agents/actor_system.gd:429  1 -> 2
      _stats.set_inherits(current, -1)
  sim/agents/actor_system.gd:105  statement deleted
      push_error("ActorSystem: combat_profile/%s routes to unknown node '%s'" % [profile, node])
  sim/agents/actor_system.gd:239  1 -> 2
      while (x + 1) * (x + 1) <= n:
  sim/world/site_system.gd:271  1000 -> 1001
      var weapon: int = _items.arm(agent, StringName(frame_s), StringName(magazine_s), StringName(ammo_s), rounds, agent * 1000)
group a exit 0
