Initialize godot-rust (API v4.6.stable.official, runtime v4.6.1.stable.official, safeguards balanced)
Godot Engine v4.6.1.stable.official.14d19694e - https://godotengine.org
Vulkan 1.4.330 - Forward+ - Using Device #0: AMD - AMD Custom GPU 0932 (RADV VANGOGH)

spike: soak duration=1800s workers=3 radius=5 vradius=2 uploads=4 speed=8.0 edit_interval=2.0 seed=20260920
minute  1  fps 349.0  p50 2.78  p99 3.33  p99.9 4.17  over25 0.000  meshing 1.32 ms/40fps-frame  chunks/s 25.3  resident 218  tris 565510  backlog 0
minute  2  fps 287.7  p50 3.45  p99 4.17  p99.9 4.47  over25 0.000  meshing 1.02 ms/40fps-frame  chunks/s 18.8  resident 197  tris 615844  backlog 0
minute  3  fps 291.7  p50 3.40  p99 4.17  p99.9 4.41  over25 0.000  meshing 1.06 ms/40fps-frame  chunks/s 20.3  resident 218  tris 637692  backlog 0
minute  4  fps 343.8  p50 2.78  p99 3.33  p99.9 4.17  over25 0.000  meshing 1.14 ms/40fps-frame  chunks/s 22.1  resident 200  tris 547840  backlog 0
minute  5  fps 360.5  p50 2.78  p99 3.33  p99.9 3.70  over25 0.000  meshing 1.06 ms/40fps-frame  chunks/s 19.3  resident 206  tris 571090  backlog 7
minute  6  fps 348.1  p50 2.80  p99 3.33  p99.9 4.30  over25 0.000  meshing 1.07 ms/40fps-frame  chunks/s 17.8  resident 220  tris 573690  backlog 0
minute  7  fps 301.0  p50 3.36  p99 4.17  p99.9 5.56  over25 0.000  meshing 1.04 ms/40fps-frame  chunks/s 18.7  resident 221  tris 651314  backlog 0
minute  8  fps 294.1  p50 3.33  p99 4.17  p99.9 4.66  over25 0.000  meshing 1.15 ms/40fps-frame  chunks/s 21.3  resident 223  tris 627080  backlog 0
minute  9  fps 331.6  p50 3.03  p99 3.70  p99.9 4.55  over25 0.000  meshing 1.12 ms/40fps-frame  chunks/s 22.3  resident 200  tris 571934  backlog 0
minute 10  fps 351.3  p50 2.78  p99 3.35  p99.9 4.17  over25 0.000  meshing 1.02 ms/40fps-frame  chunks/s 18.5  resident 215  tris 630564  backlog 0
minute 11  fps 348.2  p50 2.78  p99 3.34  p99.9 4.33  over25 0.000  meshing 0.96 ms/40fps-frame  chunks/s 17.4  resident 203  tris 585408  backlog 0
minute 12  fps 325.3  p50 3.03  p99 3.70  p99.9 5.01  over25 0.000  meshing 0.97 ms/40fps-frame  chunks/s 18.7  resident 219  tris 641380  backlog 0
minute 13  fps 288.7  p50 3.38  p99 4.17  p99.9 4.65  over25 0.000  meshing 1.10 ms/40fps-frame  chunks/s 19.6  resident 200  tris 608938  backlog 0
minute 14  fps 313.2  p50 3.13  p99 4.17  p99.9 4.55  over25 0.000  meshing 1.25 ms/40fps-frame  chunks/s 22.3  resident 199  tris 543464  backlog 0
minute 15  fps 348.3  p50 2.78  p99 3.33  p99.9 4.55  over25 0.000  meshing 1.12 ms/40fps-frame  chunks/s 20.3  resident 226  tris 637744  backlog 0
minute 16  fps 358.6  p50 2.78  p99 3.33  p99.9 4.31  over25 0.000  meshing 0.99 ms/40fps-frame  chunks/s 18.2  resident 196  tris 607024  backlog 0
minute 17  fps 337.6  p50 2.92  p99 3.70  p99.9 4.76  over25 0.000  meshing 1.02 ms/40fps-frame  chunks/s 18.6  resident 222  tris 590660  backlog 0
minute 18  fps 282.7  p50 3.48  p99 4.17  p99.9 5.11  over25 0.000  meshing 1.11 ms/40fps-frame  chunks/s 19.6  resident 180  tris 571744  backlog 0
minute 19  fps 297.1  p50 3.33  p99 4.17  p99.9 5.33  over25 0.000  meshing 1.24 ms/40fps-frame  chunks/s 21.4  resident 198  tris 529188  backlog 0
minute 20  fps 342.9  p50 2.78  p99 3.70  p99.9 6.35  over25 0.000  meshing 1.06 ms/40fps-frame  chunks/s 20.3  resident 227  tris 589132  backlog 0
minute 21  fps 356.9  p50 2.78  p99 3.70  p99.9 6.44  over25 0.000  meshing 1.00 ms/40fps-frame  chunks/s 18.5  resident 205  tris 606268  backlog 0
minute 22  fps 341.7  p50 2.90  p99 3.70  p99.9 5.05  over25 0.000  meshing 1.13 ms/40fps-frame  chunks/s 19.5  resident 214  tris 562934  backlog 0
minute 23  fps 282.2  p50 3.52  p99 4.17  p99.9 5.56  over25 0.000  meshing 1.05 ms/40fps-frame  chunks/s 18.9  resident 193  tris 606132  backlog 0
minute 24  fps 290.9  p50 3.39  p99 4.17  p99.9 4.98  over25 0.000  meshing 1.14 ms/40fps-frame  chunks/s 21.2  resident 214  tris 601880  backlog 0
minute 25  fps 344.4  p50 2.78  p99 3.70  p99.9 4.55  over25 0.000  meshing 1.10 ms/40fps-frame  chunks/s 20.4  resident 200  tris 548476  backlog 0
minute 26  fps 356.1  p50 2.78  p99 3.33  p99.9 3.80  over25 0.000  meshing 1.15 ms/40fps-frame  chunks/s 20.4  resident 212  tris 609250  backlog 0
minute 27  fps 341.8  p50 2.89  p99 3.70  p99.9 4.94  over25 0.000  meshing 0.98 ms/40fps-frame  chunks/s 18.4  resident 224  tris 570078  backlog 0
minute 28  fps 291.8  p50 3.43  p99 4.17  p99.9 4.55  over25 0.000  meshing 0.99 ms/40fps-frame  chunks/s 17.8  resident 220  tris 677838  backlog 0
minute 29  fps 287.4  p50 3.42  p99 4.17  p99.9 4.76  over25 0.000  meshing 1.17 ms/40fps-frame  chunks/s 20.5  resident 199  tris 559610  backlog 46
minute 30  fps 326.8  p50 3.03  p99 3.70  p99.9 5.00  over25 0.000  meshing 1.13 ms/40fps-frame  chunks/s 23.0  resident 204  tris 578446  backlog 0
spike: done. final 5 min: p99 4.17 ms (pass), meshing 1.08 ms/frame (pass) -> PASS
