Initialize godot-rust (API v4.6.stable.official, runtime v4.6.1.stable.official, safeguards balanced)
Godot Engine v4.6.1.stable.official.14d19694e - https://godotengine.org
Vulkan 1.4.330 - Forward+ - Using Device #0: AMD - AMD Custom GPU 0932 (RADV VANGOGH)

spike: soak duration=1800s workers=3 radius=5 vradius=2 uploads=4 speed=8.0 edit_interval=2.0 seed=20260920
minute  1  fps 1320.0  p50 0.69  p99 1.39  p99.9 6.72  over25 0.000  meshing 0.00 ms/40fps-frame  chunks/s 0.0  resident 0  tris 0  backlog 0
minute  2  fps 1328.1  p50 0.69  p99 1.39  p99.9 6.67  over25 0.000  meshing 0.00 ms/40fps-frame  chunks/s 0.0  resident 0  tris 0  backlog 0
minute  3  fps 1318.4  p50 0.69  p99 1.39  p99.9 6.78  over25 0.000  meshing 0.00 ms/40fps-frame  chunks/s 0.0  resident 0  tris 0  backlog 0
minute  4  fps 1316.8  p50 0.69  p99 1.39  p99.9 6.67  over25 0.000  meshing 0.00 ms/40fps-frame  chunks/s 0.0  resident 0  tris 0  backlog 0
minute  5  fps 1331.8  p50 0.69  p99 1.39  p99.9 6.71  over25 0.000  meshing 0.00 ms/40fps-frame  chunks/s 0.0  resident 0  tris 0  backlog 0
minute  6  fps 1334.6  p50 0.68  p99 1.39  p99.9 6.82  over25 0.000  meshing 0.00 ms/40fps-frame  chunks/s 0.0  resident 0  tris 0  backlog 0
minute  7  fps 1349.3  p50 0.67  p99 1.39  p99.9 6.86  over25 0.000  meshing 0.00 ms/40fps-frame  chunks/s 0.0  resident 0  tris 0  backlog 0
minute  8  fps 1321.8  p50 0.69  p99 1.39  p99.9 6.52  over25 0.000  meshing 0.00 ms/40fps-frame  chunks/s 0.0  resident 0  tris 0  backlog 0
minute  9  fps 1326.0  p50 0.69  p99 1.39  p99.9 6.71  over25 0.000  meshing 0.00 ms/40fps-frame  chunks/s 0.0  resident 0  tris 0  backlog 0
minute 10  fps 1338.3  p50 0.68  p99 1.39  p99.9 6.95  over25 0.000  meshing 0.00 ms/40fps-frame  chunks/s 0.0  resident 0  tris 0  backlog 0
minute 11  fps 1331.2  p50 0.68  p99 1.39  p99.9 6.71  over25 0.000  meshing 0.00 ms/40fps-frame  chunks/s 0.0  resident 0  tris 0  backlog 0
minute 12  fps 1330.4  p50 0.69  p99 1.39  p99.9 6.75  over25 0.000  meshing 0.00 ms/40fps-frame  chunks/s 0.0  resident 0  tris 0  backlog 0
minute 13  fps 1337.2  p50 0.68  p99 1.39  p99.9 6.80  over25 0.000  meshing 0.00 ms/40fps-frame  chunks/s 0.0  resident 0  tris 0  backlog 0
minute 14  fps 1335.4  p50 0.68  p99 1.39  p99.9 6.91  over25 0.000  meshing 0.00 ms/40fps-frame  chunks/s 0.0  resident 0  tris 0  backlog 0
minute 15  fps 1324.2  p50 0.69  p99 1.39  p99.9 6.83  over25 0.000  meshing 0.00 ms/40fps-frame  chunks/s 0.0  resident 0  tris 0  backlog 0
minute 16  fps 1321.9  p50 0.69  p99 1.39  p99.9 6.78  over25 0.000  meshing 0.00 ms/40fps-frame  chunks/s 0.0  resident 0  tris 0  backlog 0
minute 17  fps 1320.9  p50 0.69  p99 1.39  p99.9 6.60  over25 0.000  meshing 0.00 ms/40fps-frame  chunks/s 0.0  resident 0  tris 0  backlog 0
minute 18  fps 1347.6  p50 0.68  p99 1.39  p99.9 6.84  over25 0.000  meshing 0.00 ms/40fps-frame  chunks/s 0.0  resident 0  tris 0  backlog 0
minute 19  fps 1331.9  p50 0.68  p99 1.39  p99.9 6.75  over25 0.000  meshing 0.00 ms/40fps-frame  chunks/s 0.0  resident 0  tris 0  backlog 0
minute 20  fps 1315.0  p50 0.70  p99 1.39  p99.9 6.59  over25 0.000  meshing 0.00 ms/40fps-frame  chunks/s 0.0  resident 0  tris 0  backlog 0
minute 21  fps 1320.1  p50 0.69  p99 1.39  p99.9 6.66  over25 0.000  meshing 0.00 ms/40fps-frame  chunks/s 0.0  resident 0  tris 0  backlog 0
minute 22  fps 1322.2  p50 0.69  p99 1.39  p99.9 6.86  over25 0.000  meshing 0.00 ms/40fps-frame  chunks/s 0.0  resident 0  tris 0  backlog 0
minute 23  fps 1316.5  p50 0.69  p99 1.39  p99.9 6.77  over25 0.000  meshing 0.00 ms/40fps-frame  chunks/s 0.0  resident 0  tris 0  backlog 0
minute 24  fps 1320.3  p50 0.69  p99 1.39  p99.9 6.73  over25 0.000  meshing 0.00 ms/40fps-frame  chunks/s 0.0  resident 0  tris 0  backlog 0
minute 25  fps 1315.6  p50 0.69  p99 1.39  p99.9 6.68  over25 0.000  meshing 0.00 ms/40fps-frame  chunks/s 0.0  resident 0  tris 0  backlog 0
minute 26  fps 1325.2  p50 0.69  p99 1.39  p99.9 6.95  over25 0.000  meshing 0.00 ms/40fps-frame  chunks/s 0.0  resident 0  tris 0  backlog 0
minute 27  fps 1317.0  p50 0.69  p99 1.39  p99.9 6.64  over25 0.000  meshing 0.00 ms/40fps-frame  chunks/s 0.0  resident 0  tris 0  backlog 0
minute 28  fps 1327.9  p50 0.69  p99 1.39  p99.9 6.92  over25 0.000  meshing 0.00 ms/40fps-frame  chunks/s 0.0  resident 0  tris 0  backlog 0
minute 29  fps 1335.1  p50 0.68  p99 1.39  p99.9 6.60  over25 0.000  meshing 0.00 ms/40fps-frame  chunks/s 0.0  resident 0  tris 0  backlog 0
minute 30  fps 1331.9  p50 0.68  p99 1.39  p99.9 6.87  over25 0.000  meshing 0.00 ms/40fps-frame  chunks/s 0.0  resident 0  tris 0  backlog 0
spike: done. final 5 min: p99 1.39 ms (pass), meshing 0.00 ms/frame (pass) -> PASS
