Initialize godot-rust (API v4.6.stable.official, runtime v4.6.1.stable.official, safeguards balanced)
Godot Engine v4.6.1.stable.official.14d19694e - https://godotengine.org
Vulkan 1.4.330 - Forward+ - Using Device #0: AMD - AMD Custom GPU 0932 (RADV VANGOGH)

spike: soak duration=1800s workers=3 radius=5 vradius=2 uploads=4 speed=8.0 edit_interval=2.0 seed=20260920
minute  1  fps 347.8  p50 2.78  p99 3.52  p99.9 4.98  over25 0.000  meshing 1.40 ms/40fps-frame  chunks/s 25.3  resident 218  tris 565510  backlog 0
minute  2  fps 287.3  p50 3.44  p99 4.17  p99.9 5.56  over25 0.000  meshing 1.06 ms/40fps-frame  chunks/s 18.9  resident 197  tris 615840  backlog 0
minute  3  fps 290.9  p50 3.40  p99 4.17  p99.9 5.02  over25 0.000  meshing 1.06 ms/40fps-frame  chunks/s 20.3  resident 218  tris 637684  backlog 0
minute  4  fps 343.3  p50 2.83  p99 3.51  p99.9 4.82  over25 0.000  meshing 1.18 ms/40fps-frame  chunks/s 22.1  resident 200  tris 547852  backlog 0
minute  5  fps 355.4  p50 2.78  p99 3.35  p99.9 8.33  over25 0.000  meshing 1.06 ms/40fps-frame  chunks/s 19.3  resident 205  tris 570746  backlog 8
minute  6  fps 346.8  p50 2.81  p99 3.44  p99.9 4.17  over25 0.000  meshing 0.99 ms/40fps-frame  chunks/s 17.8  resident 220  tris 573694  backlog 0
minute  7  fps 300.5  p50 3.36  p99 4.17  p99.9 4.55  over25 0.000  meshing 1.07 ms/40fps-frame  chunks/s 18.7  resident 221  tris 651306  backlog 0
minute  8  fps 292.5  p50 3.34  p99 4.17  p99.9 5.56  over25 0.000  meshing 1.17 ms/40fps-frame  chunks/s 21.3  resident 223  tris 627114  backlog 0
minute  9  fps 330.5  p50 3.03  p99 3.70  p99.9 4.55  over25 0.000  meshing 1.16 ms/40fps-frame  chunks/s 22.3  resident 200  tris 571954  backlog 0
minute 10  fps 348.9  p50 2.78  p99 3.33  p99.9 5.00  over25 0.000  meshing 1.10 ms/40fps-frame  chunks/s 18.5  resident 215  tris 630580  backlog 0
minute 11  fps 347.8  p50 2.78  p99 3.35  p99.9 4.53  over25 0.000  meshing 0.99 ms/40fps-frame  chunks/s 17.4  resident 203  tris 585448  backlog 0
minute 12  fps 325.2  p50 3.03  p99 3.70  p99.9 4.96  over25 0.000  meshing 1.03 ms/40fps-frame  chunks/s 18.7  resident 219  tris 641444  backlog 0
minute 13  fps 284.6  p50 3.44  p99 4.23  p99.9 8.33  over25 0.000  meshing 1.07 ms/40fps-frame  chunks/s 19.6  resident 200  tris 609014  backlog 0
minute 14  fps 312.0  p50 3.14  p99 4.17  p99.9 5.31  over25 0.000  meshing 1.22 ms/40fps-frame  chunks/s 22.4  resident 199  tris 543500  backlog 0
minute 15  fps 345.7  p50 2.78  p99 3.33  p99.9 4.17  over25 0.000  meshing 1.06 ms/40fps-frame  chunks/s 20.3  resident 226  tris 637772  backlog 0
minute 16  fps 356.3  p50 2.78  p99 3.46  p99.9 4.17  over25 0.000  meshing 1.04 ms/40fps-frame  chunks/s 18.3  resident 196  tris 607092  backlog 0
minute 17  fps 337.3  p50 2.92  p99 3.70  p99.9 4.55  over25 0.000  meshing 1.08 ms/40fps-frame  chunks/s 18.7  resident 222  tris 590728  backlog 0
minute 18  fps 282.9  p50 3.48  p99 4.17  p99.9 6.06  over25 0.000  meshing 1.09 ms/40fps-frame  chunks/s 19.6  resident 180  tris 571818  backlog 0
minute 19  fps 297.7  p50 3.33  p99 4.17  p99.9 4.87  over25 0.000  meshing 1.30 ms/40fps-frame  chunks/s 21.3  resident 198  tris 529204  backlog 0
minute 20  fps 347.7  p50 2.78  p99 3.48  p99.9 4.33  over25 0.000  meshing 1.21 ms/40fps-frame  chunks/s 20.3  resident 227  tris 589208  backlog 0
minute 21  fps 363.5  p50 2.78  p99 3.19  p99.9 4.27  over25 0.000  meshing 1.05 ms/40fps-frame  chunks/s 18.5  resident 205  tris 606296  backlog 0
minute 22  fps 343.5  p50 2.89  p99 3.70  p99.9 4.55  over25 0.000  meshing 1.09 ms/40fps-frame  chunks/s 19.4  resident 214  tris 562994  backlog 0
minute 23  fps 282.9  p50 3.49  p99 4.17  p99.9 5.56  over25 0.000  meshing 1.12 ms/40fps-frame  chunks/s 18.9  resident 193  tris 606206  backlog 0
minute 24  fps 292.3  p50 3.37  p99 4.17  p99.9 5.56  over25 0.000  meshing 1.24 ms/40fps-frame  chunks/s 21.1  resident 214  tris 601910  backlog 0
minute 25  fps 344.7  p50 2.78  p99 3.33  p99.9 4.47  over25 0.000  meshing 1.17 ms/40fps-frame  chunks/s 20.4  resident 200  tris 548506  backlog 0
minute 26  fps 357.6  p50 2.78  p99 3.33  p99.9 3.98  over25 0.000  meshing 1.14 ms/40fps-frame  chunks/s 20.5  resident 212  tris 609262  backlog 0
minute 27  fps 346.2  p50 2.82  p99 3.70  p99.9 4.31  over25 0.000  meshing 1.04 ms/40fps-frame  chunks/s 18.5  resident 224  tris 570166  backlog 0
minute 28  fps 296.5  p50 3.38  p99 4.17  p99.9 4.55  over25 0.000  meshing 1.04 ms/40fps-frame  chunks/s 17.9  resident 220  tris 677926  backlog 0
minute 29  fps 291.6  p50 3.36  p99 4.17  p99.9 4.76  over25 0.000  meshing 1.18 ms/40fps-frame  chunks/s 20.4  resident 197  tris 555198  backlog 51
minute 30  fps 330.8  p50 3.03  p99 3.70  p99.9 4.98  over25 0.000  meshing 1.22 ms/40fps-frame  chunks/s 23.1  resident 204  tris 578496  backlog 0
spike: done. final 5 min: p99 4.10 ms (pass), meshing 1.12 ms/frame (pass) -> PASS
